// Jest Snapshot v1, https://goo.gl/fbAQLP

exports[`Recover password component -- should match snapshot 1`] = `
<div
  className="MuiBox-root css-a11n4z"
>
  <div
    className="MuiBox-root css-18l78r8"
  >
    <div
      className="MuiFormControl-root MuiTextField-root recoverPasswordTextField css-1wyy5f0-MuiFormControl-root-MuiTextField-root"
      data-testid="recoverPasswordPasswordField"
    >
      <label
        className="MuiFormLabel-root MuiInputLabel-root MuiInputLabel-formControl MuiInputLabel-animated MuiInputLabel-standard MuiFormLabel-colorPrimary Mui-required MuiInputLabel-root MuiInputLabel-formControl MuiInputLabel-animated MuiInputLabel-standard css-aqpgxn-MuiFormLabel-root-MuiInputLabel-root"
        data-shrink={false}
        htmlFor="recoverPasswordPasswordField"
        id="recoverPasswordPasswordField-label"
      >
        Recovery Email Id
        <span
          aria-hidden={true}
          className="MuiFormLabel-asterisk MuiInputLabel-asterisk css-wgai2y-MuiFormLabel-asterisk"
        >
          â€‰
          *
        </span>
      </label>
      <div
        className="MuiInputBase-root MuiInput-root MuiInput-underline MuiInputBase-colorPrimary MuiInputBase-formControl css-v4u5dn-MuiInputBase-root-MuiInput-root"
        onClick={[Function]}
      >
        <input
          aria-invalid={false}
          autoComplete="current-password"
          autoFocus={false}
          className="MuiInputBase-input MuiInput-input css-1x51dt5-MuiInputBase-input-MuiInput-input"
          disabled={false}
          id="recoverPasswordPasswordField"
          onAnimationStart={[Function]}
          onBlur={[Function]}
          onChange={[Function]}
          onFocus={[Function]}
          required={true}
          type="email"
          value=""
        />
      </div>
    </div>
    <button
      className="MuiButtonBase-root MuiButton-root MuiLoadingButton-root MuiButton-text MuiButton-textPrimary MuiButton-sizeMedium MuiButton-textSizeMedium MuiButton-root MuiLoadingButton-root MuiButton-text MuiButton-textPrimary MuiButton-sizeMedium MuiButton-textSizeMedium css-11wldcc-MuiButtonBase-root-MuiButton-root-MuiLoadingButton-root"
      data-testid="recoverPasswordRecoverButton"
      disabled={false}
      id=":r1:"
      onBlur={[Function]}
      onClick={[Function]}
      onContextMenu={[Function]}
      onDragLeave={[Function]}
      onFocus={[Function]}
      onKeyDown={[Function]}
      onKeyUp={[Function]}
      onMouseDown={[Function]}
      onMouseLeave={[Function]}
      onMouseUp={[Function]}
      onTouchEnd={[Function]}
      onTouchMove={[Function]}
      onTouchStart={[Function]}
      tabIndex={0}
      type="button"
    >
      Send Link
    </button>
  </div>
  <div
    className="MuiBox-root css-98mxar"
  >
    <button
      className="MuiButtonBase-root MuiButton-root MuiButton-text MuiButton-textPrimary MuiButton-sizeMedium MuiButton-textSizeMedium MuiButton-root MuiButton-text MuiButton-textPrimary MuiButton-sizeMedium MuiButton-textSizeMedium css-dtaz37-MuiButtonBase-root-MuiButton-root"
      disabled={false}
      onBlur={[Function]}
      onClick={[Function]}
      onContextMenu={[Function]}
      onDragLeave={[Function]}
      onFocus={[Function]}
      onKeyDown={[Function]}
      onKeyUp={[Function]}
      onMouseDown={[Function]}
      onMouseLeave={[Function]}
      onMouseUp={[Function]}
      onTouchEnd={[Function]}
      onTouchMove={[Function]}
      onTouchStart={[Function]}
      tabIndex={0}
      type="button"
    >
      recover using username
    </button>
    <button
      className="MuiButtonBase-root MuiButton-root MuiButton-text MuiButton-textPrimary MuiButton-sizeMedium MuiButton-textSizeMedium MuiButton-root MuiButton-text MuiButton-textPrimary MuiButton-sizeMedium MuiButton-textSizeMedium css-dtaz37-MuiButtonBase-root-MuiButton-root"
      disabled={false}
      onBlur={[Function]}
      onClick={[Function]}
      onContextMenu={[Function]}
      onDragLeave={[Function]}
      onFocus={[Function]}
      onKeyDown={[Function]}
      onKeyUp={[Function]}
      onMouseDown={[Function]}
      onMouseLeave={[Function]}
      onMouseUp={[Function]}
      onTouchEnd={[Function]}
      onTouchMove={[Function]}
      onTouchStart={[Function]}
      tabIndex={0}
      type="button"
    >
      go back
    </button>
  </div>
</div>
`;
