// Jest Snapshot v1, https://goo.gl/fbAQLP

exports[`Feedback and team section Component -- should match snapshot 1`] = `
<div
  className="MuiGrid-root MuiGrid-container MuiGrid-spacing-xs-5 css-1n8pt8h-MuiGrid-root"
>
  <div
    className="MuiGrid-root MuiGrid-item MuiGrid-grid-xs-12 MuiGrid-grid-md-5 feedbackSectionWrapper css-14expfb-MuiGrid-root"
    data-testid="feedbackSectionWrapper"
    id="feedbackSectionWrapper"
  >
    <h5
      className="MuiTypography-root MuiTypography-h5 feedbackSectionTitle css-1pcczsu-MuiTypography-root"
      id="feedbackSectionTitle"
    />
    <div
      className="feedbackCardsWrapper MuiBox-root css-0"
      id="feedbackCardsWrapper"
    >
      <div
        className="feedbackCard MuiBox-root css-hkx9zj"
        id="feedbackCard"
      >
        <svg
          aria-hidden={true}
          className="MuiSvgIcon-root MuiSvgIcon-fontSizeMedium feedbackIcon css-i4bv87-MuiSvgIcon-root"
          data-testid="FavoriteIcon"
          focusable="false"
          id="feedbackIcon"
          viewBox="0 0 24 24"
        >
          <path
            d="m12 21.35-1.45-1.32C5.4 15.36 2 12.28 2 8.5 2 5.42 4.42 3 7.5 3c1.74 0 3.41.81 4.5 2.09C13.09 3.81 14.76 3 16.5 3 19.58 3 22 5.42 22 8.5c0 3.78-3.4 6.86-8.55 11.54L12 21.35z"
          />
        </svg>
        <p
          className="MuiTypography-root MuiTypography-body1 css-rn997f-MuiTypography-root"
        >
          23
           new likes on palettes.
        </p>
      </div>
      <div
        className="feedbackCard MuiBox-root css-hkx9zj"
        id="feedbackCard"
      >
        <svg
          aria-hidden={true}
          className="MuiSvgIcon-root MuiSvgIcon-fontSizeMedium feedbackIcon css-i4bv87-MuiSvgIcon-root"
          data-testid="PersonOutlineIcon"
          focusable="false"
          id="feedbackIcon"
          viewBox="0 0 24 24"
        >
          <path
            d="M12 5.9c1.16 0 2.1.94 2.1 2.1s-.94 2.1-2.1 2.1S9.9 9.16 9.9 8s.94-2.1 2.1-2.1m0 9c2.97 0 6.1 1.46 6.1 2.1v1.1H5.9V17c0-.64 3.13-2.1 6.1-2.1M12 4C9.79 4 8 5.79 8 8s1.79 4 4 4 4-1.79 4-4-1.79-4-4-4zm0 9c-2.67 0-8 1.34-8 4v3h16v-3c0-2.66-5.33-4-8-4z"
          />
        </svg>
        <p
          className="MuiTypography-root MuiTypography-body1 feedbackCardBody css-rn997f-MuiTypography-root"
        >
          Mr. Shay sent a
           
          <b>
            <i>
              feedback
            </i>
          </b>
          , 'Lorem ipsum, dolor sit amet consectetur adipisicing elit. Maiores eaque dolor ad! ðŸ‡¦ðŸ‡· ðŸ’Ÿ'
        </p>
      </div>
      <div
        className="feedbackCard MuiBox-root css-hkx9zj"
        id="feedbackCard"
      >
        <svg
          aria-hidden={true}
          className="MuiSvgIcon-root MuiSvgIcon-fontSizeMedium feedbackIcon css-i4bv87-MuiSvgIcon-root"
          data-testid="CommentIcon"
          focusable="false"
          id="feedbackIcon"
          viewBox="0 0 24 24"
        >
          <path
            d="M21.99 4c0-1.1-.89-2-1.99-2H4c-1.1 0-2 .9-2 2v12c0 1.1.9 2 2 2h14l4 4-.01-18zM18 14H6v-2h12v2zm0-3H6V9h12v2zm0-3H6V6h12v2z"
          />
        </svg>
        <p
          className="MuiTypography-root MuiTypography-body1 feedbackCardBody css-rn997f-MuiTypography-root"
        >
          Mr. Shay sent a
           
          <b>
            <i>
              comment
            </i>
          </b>
          , 'Lorem ipsum, dolor sit amet consectetur adipisicing elit. Maiores eaque dolor ad! ðŸ‡¦ðŸ‡· ðŸ’Ÿ'
        </p>
      </div>
    </div>
  </div>
  <div
    className="MuiGrid-root MuiGrid-item MuiGrid-grid-xs-12 MuiGrid-grid-md-7 teamSectionWrapper css-16629bz-MuiGrid-root"
    data-testid="teamSectionWrapper"
    id="teamSectionWrapper"
  >
    <div
      className="teamSectionHead MuiBox-root css-w09u1u"
      id="teamSectionHead"
    >
      <a
        className="teamSectionTitle"
        href="/about/team"
        id="teamSectionTitle"
        onClick={[Function]}
        onMouseEnter={[Function]}
        onTouchStart={[Function]}
      >
        <button
          className="MuiButtonBase-root MuiButton-root MuiButton-contained MuiButton-containedPrimary MuiButton-sizeMedium MuiButton-containedSizeMedium MuiButton-root MuiButton-contained MuiButton-containedPrimary MuiButton-sizeMedium MuiButton-containedSizeMedium css-fv8tu3-MuiButtonBase-root-MuiButton-root"
          disabled={false}
          onBlur={[Function]}
          onContextMenu={[Function]}
          onDragLeave={[Function]}
          onFocus={[Function]}
          onKeyDown={[Function]}
          onKeyUp={[Function]}
          onMouseDown={[Function]}
          onMouseLeave={[Function]}
          onMouseUp={[Function]}
          onTouchEnd={[Function]}
          onTouchMove={[Function]}
          onTouchStart={[Function]}
          tabIndex={0}
          type="button"
        >
          TEAM
        </button>
      </a>
      <div
        className="teamSectionAvatarWrapper MuiBox-root css-1ra01ct"
        id="teamSectionAvatarWrapper"
      />
    </div>
    <p
      className="MuiTypography-root MuiTypography-body2 teamSectionBody css-1tz1ww6-MuiTypography-root"
      id="teamSectionBody"
    />
  </div>
</div>
`;
